
==================== Parser AST ====================

({ InTreeAnnotations1.hs:1:1 }
 (HsModule
  (Just
   ({ InTreeAnnotations1.hs:2:8-25 }
    {ModuleName: InTreeAnnotations1}))
  (Nothing)
  []
  [({ InTreeAnnotations1.hs:4:1-31 }
    (ValD
     (NoExtField)
     (FunBind
      (NoExtField)
      ({ InTreeAnnotations1.hs:4:1-3 }
       (Unqual
        {OccName: foo}))
      (MG
       (NoExtField)
       ({ InTreeAnnotations1.hs:4:1-31 }
        [({ InTreeAnnotations1.hs:4:1-31 }
          (Match
           (NoExtField)
           (FunRhs
            ({ InTreeAnnotations1.hs:4:1-3 }
             (Unqual
              {OccName: foo}))
            (Prefix)
            (NoSrcStrict))
           [({ InTreeAnnotations1.hs:4:5-11 }
             (AsPat
              (AA
               [(AddAnn
                 (AnnAt)
                 { InTreeAnnotations1.hs:4:6 })])
              ({ InTreeAnnotations1.hs:4:5 }
               (Unqual
                {OccName: a}))
              ({ InTreeAnnotations1.hs:4:7-11 }
               (TuplePat
                (AA
                 [(AddAnn
                   (AnnOpenP)
                   { InTreeAnnotations1.hs:4:7 })
                 ,(AddAnn
                   (AnnCloseP)
                   { InTreeAnnotations1.hs:4:11 })])
                [({ InTreeAnnotations1.hs:4:8 }
                  (WildPat
                   (NoExtField)))
                ,({ InTreeAnnotations1.hs:4:10 }
                  (WildPat
                   (NoExtField)))]
                (Boxed)))))
           ,({ InTreeAnnotations1.hs:4:13-16 }
             (BangPat
              (AA
               [(AddAnn
                 (AnnBang)
                 { InTreeAnnotations1.hs:4:13 })])
              ({ InTreeAnnotations1.hs:4:14-16 }
               (LitPat
                (NoExtField)
                (HsString
                 (SourceText
                  "/"a/"")
                 {FastString: "a"})))))
           ,({ InTreeAnnotations1.hs:4:18-19 }
             (LazyPat
              (AA
               [(AddAnn
                 (AnnTilde)
                 { InTreeAnnotations1.hs:4:18 })])
              ({ InTreeAnnotations1.hs:4:19 }
               (VarPat
                (NoExtField)
                ({ InTreeAnnotations1.hs:4:19 }
                 (Unqual
                  {OccName: x}))))))]
           (GRHSs
            (NoExtField)
            [({ InTreeAnnotations1.hs:4:21-31 }
              (GRHS
               (NoExtField)
               []
               ({ InTreeAnnotations1.hs:4:23-31 }
                (HsVar
                 (NoExtField)
                 ({ InTreeAnnotations1.hs:4:23-31 }
                  (Unqual
                   {OccName: undefined}))))))]
            ({ <no location info> }
             (EmptyLocalBinds
              (NoExtField))))))])
       (FromSource))
      (WpHole)
      [])))
  ,({ InTreeAnnotations1.hs:6:1-27 }
    (TyClD
     (NoExtField)
     (DataDecl
      (NoExtField)
      ({ InTreeAnnotations1.hs:6:6 }
       (Unqual
        {OccName: T}))
      (HsQTvs
       (NoExtField)
       [])
      (Prefix)
      (HsDataDefn
       (NoExtField)
       (DataType)
       ({ <no location info> }
        [])
       (Nothing)
       (Nothing)
       [({ InTreeAnnotations1.hs:6:10-27 }
         (ConDeclH98
          (NoExtField)
          ({ InTreeAnnotations1.hs:6:10-12 }
           (Unqual
            {OccName: MkT}))
          ({ <no location info> }
           (False))
          []
          (Nothing)
          (RecCon
           ({ InTreeAnnotations1.hs:6:14-27 }
            [({ InTreeAnnotations1.hs:6:16-25 }
              (ConDeclField
               (NoExtField)
               [({ InTreeAnnotations1.hs:6:16 }
                 (FieldOcc
                  (NoExtField)
                  ({ InTreeAnnotations1.hs:6:16 }
                   (Unqual
                    {OccName: x}))))
               ,({ InTreeAnnotations1.hs:6:18 }
                 (FieldOcc
                  (NoExtField)
                  ({ InTreeAnnotations1.hs:6:18 }
                   (Unqual
                    {OccName: y}))))]
               ({ InTreeAnnotations1.hs:6:23-25 }
                (HsTyVar
                 (NoExtField)
                 (NotPromoted)
                 ({ InTreeAnnotations1.hs:6:23-25 }
                  (Unqual
                   {OccName: Int}))))
               (Nothing)))]))
          (Nothing)))]
       ({ <no location info> }
        [])))))
  ,({ InTreeAnnotations1.hs:8:1-43 }
    (ValD
     (NoExtField)
     (FunBind
      (NoExtField)
      ({ InTreeAnnotations1.hs:8:1 }
       (Unqual
        {OccName: f}))
      (MG
       (NoExtField)
       ({ InTreeAnnotations1.hs:8:1-43 }
        [({ InTreeAnnotations1.hs:8:1-43 }
          (Match
           (NoExtField)
           (FunRhs
            ({ InTreeAnnotations1.hs:8:1 }
             (Unqual
              {OccName: f}))
            (Prefix)
            (NoSrcStrict))
           [({ InTreeAnnotations1.hs:8:3-35 }
             (ParPat
              (NoExtField)
              ({ InTreeAnnotations1.hs:8:4-34 }
               (ConPatIn
                ({ InTreeAnnotations1.hs:8:4-6 }
                 (Unqual
                  {OccName: MkT}))
                (RecCon
                 (HsRecFields
                  [({ InTreeAnnotations1.hs:8:10-15 }
                    (HsRecField
                     ({ InTreeAnnotations1.hs:8:10 }
                      (FieldOcc
                       (NoExtField)
                       ({ InTreeAnnotations1.hs:8:10 }
                        (Unqual
                         {OccName: x}))))
                     ({ InTreeAnnotations1.hs:8:14-15 }
                      (BangPat
                       (AA
                        [(AddAnn
                          (AnnBang)
                          { InTreeAnnotations1.hs:8:14 })])
                       ({ InTreeAnnotations1.hs:8:15 }
                        (VarPat
                         (NoExtField)
                         ({ InTreeAnnotations1.hs:8:15 }
                          (Unqual
                           {OccName: v}))))))
                     (False)))
                  ,({ InTreeAnnotations1.hs:8:18-32 }
                    (HsRecField
                     ({ InTreeAnnotations1.hs:8:18 }
                      (FieldOcc
                       (NoExtField)
                       ({ InTreeAnnotations1.hs:8:18 }
                        (Unqual
                         {OccName: y}))))
                     ({ InTreeAnnotations1.hs:8:22-32 }
                      (ViewPat
                       (AA
                        [(AddAnn
                          (AnnRarrow)
                          { InTreeAnnotations1.hs:8:29-30 })])
                       ({ InTreeAnnotations1.hs:8:22-27 }
                        (HsVar
                         (NoExtField)
                         ({ InTreeAnnotations1.hs:8:22-27 }
                          (Unqual
                           {OccName: negate}))))
                       ({ InTreeAnnotations1.hs:8:32 }
                        (VarPat
                         (NoExtField)
                         ({ InTreeAnnotations1.hs:8:32 }
                          (Unqual
                           {OccName: w}))))))
                     (False)))]
                  (Nothing)))))))]
           (GRHSs
            (NoExtField)
            [({ InTreeAnnotations1.hs:8:37-43 }
              (GRHS
               (NoExtField)
               []
               ({ InTreeAnnotations1.hs:8:39-43 }
                (OpApp
                 (NoExtField)
                 ({ InTreeAnnotations1.hs:8:39 }
                  (HsVar
                   (NoExtField)
                   ({ InTreeAnnotations1.hs:8:39 }
                    (Unqual
                     {OccName: v}))))
                 ({ InTreeAnnotations1.hs:8:41 }
                  (HsVar
                   (NoExtField)
                   ({ InTreeAnnotations1.hs:8:41 }
                    (Unqual
                     {OccName: +}))))
                 ({ InTreeAnnotations1.hs:8:43 }
                  (HsVar
                   (NoExtField)
                   ({ InTreeAnnotations1.hs:8:43 }
                    (Unqual
                     {OccName: w}))))))))]
            ({ <no location info> }
             (EmptyLocalBinds
              (NoExtField))))))])
       (FromSource))
      (WpHole)
      [])))]
  (Nothing)
  (Nothing)))
